{
  "marker": {
    "width": 34,
    "height": 34,
    "x": 0,
    "y": 0,
    "pixelRatio": 2
  }
}